---
source: tests/cli/clean.rs
info:
  program: glot
  args:
    - clean
  env:
    NO_COLOR: "1"
---
success: false
exit_code: 1
----- stdout -----

----- stderr -----
Error: ✘ Cannot clean, 1 dynamic key warning(s) found.
Dynamic keys prevent tracking all key usage.
Run `glot check` to see details, then fix or suppress them.
