---
source: tests/cli/check.rs
info:
  program: glot
  args:
    - check
    - type-mismatch
  env:
    NO_COLOR: "1"
---
success: false
exit_code: 1
----- stdout -----
error: "Page.features"  [type-mismatch]
  --> ./messages/en.json:3:1
  = note: expected array, got: zh (string)
  = used: ./src/app.tsx:6:22


✘ 1 problems (1 error, 0 warnings)

----- stderr -----
