---
source: tests/cli/baseline.rs
info:
  program: glot
  args:
    - baseline
    - "--apply"
  env:
    NO_COLOR: "1"
---
success: true
exit_code: 0
----- stdout -----
  --> ./src/app.tsx:4:19
     |
   4 |             <span>JSX Text</span>
     |                   ^
  +             {/* glot-disable-next-line hardcoded */}

  --> ./src/app.tsx:6:29
     |
   6 |                 placeholder="Multi-line attr"
     |                             ^
  +                 // glot-disable-next-line hardcoded

Inserted 2 comment(s) in 1 file(s).

----- stderr -----
