---
source: tests/cli/clean.rs
info:
  program: glot
  args:
    - clean
    - "--rules"
    - orphan
  env:
    NO_COLOR: "1"
---
success: true
exit_code: 0
----- stdout -----
  --> ./messages/zh.json:4
     |
   4 | "Common.orphan": "Orphan Key" [orphan]

Would delete 0 unused key(s) and 1 orphan key(s) from 1 file(s).
Run with --apply to delete these keys.

----- stderr -----
