---
source: tests/cli/baseline.rs
info:
  program: glot
  args:
    - baseline
    - "--apply"
  env:
    NO_COLOR: "1"
---
success: true
exit_code: 0
----- stdout -----
  --> ./src/app.tsx:5:37
     |
   5 |                 <span key={item.id}>Item text</span>
     |                                     ^
  +                 // glot-disable-next-line

Inserted 1 comment(s) in 1 file(s).

----- stderr -----
