---
source: tests/cli/check.rs
info:
  program: glot
  args:
    - check
    - untranslated
  env:
    NO_COLOR: "1"
---
success: true
exit_code: 0
----- stdout -----
warning: "Common.greeting"  [untranslated]
  --> ./messages/en.json:3:1
  = note: ("Hello, welcome to our platform") identical in: th
  = used: (no usages found)


✘ 1 problems (0 errors, 1 warning)

----- stderr -----
