---
source: tests/cli/fix.rs
info:
  program: glot
  args:
    - fix
  env:
    NO_COLOR: "1"
---
success: false
exit_code: 1
----- stdout -----
✘ Cannot fix 1 unresolved key(s) (variable keys without pattern hints):

  --> ./src/app.tsx:6:19  [unresolved-key]
     |
   6 |     return <span>{t(keyName)}</span>;
     |                   ^
   = reason: variable key


Note: No fixable dynamic keys (all are variable keys without hints).

----- stderr -----
