---
source: tests/cli/clean.rs
info:
  program: glot
  args:
    - clean
  env:
    NO_COLOR: "1"
---
success: false
exit_code: 1
----- stdout -----

----- stderr -----
Error: Cannot clean, 1 file(s) could not be parsed.
Parse errors mean some files could not be analyzed.
Run `glot check -v` to see details and fix them.
