---
source: tests/cli/clean.rs
info:
  program: glot
  args:
    - clean
    - "--orphan"
  env:
    NO_COLOR: "1"
---
success: true
exit_code: 0
----- stdout -----
./messages/zh.json:
  - Common.orphan (line 4): in zh ("Orphan Key")  [orphan]

Would delete 0 unused key(s) and 1 orphan key(s) from 1 file(s).
Run with --apply to delete these keys.

----- stderr -----
