---
source: tests/cli/check.rs
info:
  program: glot
  args:
    - check
    - untranslated
  env:
    NO_COLOR: "1"
---
success: true
exit_code: 0
----- stdout -----
warning: "Common.submit"  untranslated
  --> ./messages/en.json:3:0
  = note: ("Submit") identical in: zh
  = used: (no usages found)

warning: "Common.cancel"  untranslated
  --> ./messages/en.json:4:0
  = note: ("Cancel") identical in: zh
  = used: (no usages found)


✘ 2 problems (0 errors, 2 warnings)

----- stderr -----
