---
source: tests/cli/check.rs
info:
  program: glot
  args:
    - check
    - untranslated
  env:
    GLOT_DISABLE_TIMING: "1"
    NO_COLOR: "1"
---
success: false
exit_code: 1
----- stdout -----
error: "Common.submit"  [untranslated]
  --> ./messages/en.json:1:1
  = note: ("Submit") identical in: zh
  = used: ./src/app.tsx:12:22


✘ 1 problems (1 error, 0 warnings)

----- stderr -----
