---
source: tests/cli/check.rs
info:
  program: glot
  args:
    - check
  env:
    NO_COLOR: "1"
---
success: false
exit_code: 1
----- stdout -----
error: "Tools.updateNovel"  [missing-key]
  --> ./src/app.tsx:9:12
  |
9 |     return t(key);
  |            ^


✘ 1 problems (1 error, 0 warnings)

----- stderr -----
