---
source: tests/cli/check.rs
info:
  program: glot
  args:
    - check
    - untranslated
  env:
    NO_COLOR: "1"
---
success: true
exit_code: 0
----- stdout -----
warning: "Common.submit"  untranslated
  --> ./messages/zh.json:1:0
  = note: "Submit button"
  = hint: Value is identical to primary locale (en), possibly not translated


✖ 1 problems (0 errors, 1 warning)

----- stderr -----
